AZ.BZN,33.4915,-116.667,1301.0,630046742.8646817,630046742.8646817,630046742.8646817
AZ.CRY,33.5654,-116.7373,1128.0,630046388.897465,630046388.897465,630046388.897465
AZ.FRD,33.4947,-116.6022,1164.0,630046742.8646817,630046742.8646817,630046742.8646817
AZ.KNW,33.7141,-116.7119,1507.0,629608424.0605643,629608424.0605643,629608424.0605643
AZ.LVA2,33.3516,-116.5615,1435.0,629608424.0605643,629608424.0605643,629608424.0605643
AZ.PFO,33.6117,-116.4594,1259.0,630046742.8646817,630046742.8646817,630046742.8646817
AZ.RDM,33.63,-116.8478,1365.0,630046742.8646817,630046742.8646817,630046742.8646817
AZ.RRSP,33.651501,-116.739403,1610.0,502291542.33863556,502291542.33863556,502291542.33863556
AZ.SMER,33.4577,-117.1708,355.7,630046742.8646817,630046742.8646817,630046742.8646817
AZ.SND,33.5519,-116.6129,1358.0,630046742.8646817,630046742.8646817,630046742.8646817
AZ.TMSP,33.619202,-116.680901,2077.0,502291542.33863556,502291542.33863556,502291542.33863556
AZ.TRO,33.5234,-116.4257,2628.0,630046742.8646817,630046742.8646817,630046742.8646817
AZ.WMC,33.5736,-116.6747,1271.0,630046742.8646817,630046742.8646817,630046742.8646817
CI.BAC,33.6122,-117.0406,551.0,1,1,41920675.06883655
CI.BBS,33.92139,-116.98058,785.0,629865285.4315993,629865285.4315993,629865285.4315993
CI.BOR,33.2682,-116.41716,252.0,629865078.5149848,629865078.5149848,629865078.5149848
CI.CPT2,33.34183,-117.32502,771.0,1,1,41920851.99573177
CI.CSH,33.6442,-116.5956,1637.0,314768280.2181735,314768280.2181735,314768280.2181735
CI.CZN,33.91375,-116.78409,538.0,1,1,68272011.41710722
CI.DEV,33.93597,-116.57794,337.0,624238051.7927847,624238051.7927847,624238051.7927847
CI.DGR,33.65001,-117.00947,650.0,629865078.5149848,629865078.5149848,629865078.5149848
CI.DNR,33.56667,-116.63056,1274.0,627368595.3336074,627368595.3336074,627368595.3336074
CI.ESI,33.67388,-117.32643,388.0,1,1,69609574.73891261
CI.ESI2,33.67493,-117.32592,388.0,1,1,41920851.99573177
CI.GOR,33.1537,-117.22921,138.0,624238051.7906022,624238051.7906022,624238051.7906022
CI.HMT2,33.708115,-117.001524,593.0,629865078.5149847,629865078.5149847,629865078.5149847
CI.IDO,33.79678,-116.22152,469.0,627368612.8122228,627368612.8122228,627368612.8122228
CI.IDY,33.74642,-116.71536,1632.0,1,1,70049743.68486777
CI.JEM,33.08098,-116.59755,1308.0,627368612.8122228,627368612.8122228,627368612.8122228
CI.LKH,33.23598,-116.75876,847.0,626910814.5208529,626910814.5208529,626838832.158101
CI.LMH,33.74418,-117.39135,496.0,629864798.96864,629864798.96864,629864798.96864
CI.LUS,33.01375,-117.16305,120.7,314767963.35003626,314767963.35003626,314767963.35003626
CI.MGE,33.81841,-116.36874,68.0,624238051.7927847,624238051.7927847,624238051.7927847
CI.MNO,33.94738,-117.17278,564.0,1,1,69978478.23647507
CI.MOR,33.50388,-117.13993,331.0,1,1,70707901.06120078
CI.MSJ,33.80801,-116.96789,466.0,826384363.454294,826384363.454294,827224184.9618696
CI.MTA,33.42654,-117.37927,785.0,1,1,41920851.99573177
CI.MTG,33.19915,-116.64727,1092.0,624238051.7906022,624238051.7906022,624238051.7906022
CI.MUR,33.59999,-117.19543,562.0,624238051.7927847,624238051.7927847,624238051.7927847
CI.PALA,33.38905,-117.03182,552.0,624238051.7927847,624238051.7927847,624238051.7927847
CI.PER,33.86164,-117.20529,468.0,619826987.7366154,622336408.7395977,622336408.7395977
CI.PGA,33.4914,-117.0635,351.5,1,1,71378634.69313252
CI.PLM,33.35361,-116.86265,1691.0,624238051.7927847,624238051.7927847,624238051.7927847
CI.PMD,33.64785,-116.37769,296.0,629867098.2872877,629867098.2872877,629867098.2872877
CI.POB2,33.68708,-116.92382,999.0,629865078.5149847,629865078.5149847,629865078.5149847
CI.PSD,33.82393,-116.55026,144.0,629865285.4315993,629865285.4315993,629865285.4315993
CI.RCR,33.36237,-116.3096,193.0,314767963.35003626,314767963.35003626,314767963.35003626
CI.RHR,33.2902134,-117.1764822,173.0,314768280.2181735,314768280.2181735,314768280.2181735
CI.RSS,33.97327,-117.32674,298.0,843667341.2055817,844252872.7729461,846260409.575339
CI.RVR,33.99351,-117.37545,266.0,627368612.8122228,627368612.8122228,627368612.8122228
CI.SKY,33.77575,-117.10712,774.0,1,1,256562879.32150105
CI.SLH,33.19269,-116.25399,208.0,626910814.5208529,626910814.5208529,626838832.158101
CI.SLR,33.83359,-116.79737,1567.0,626910814.5186611,626910814.5186611,626838832.1559093
CI.SME,33.82288,-117.35623,466.0,1,1,19125234.805862132
CI.TOR,33.57526,-116.22584,4.0,624238051.7927847,624238051.7927847,624238051.7927847
CI.VCP,33.23934,-117.02125,426.9,1,1,41920675.06883655
CI.VLY,33.736134,-117.156523,445.8,1,1,70095856.62206312
CI.WWC,33.94068,-116.40876,619.0,624238051.7927847,624238051.7927847,624238051.7927847
NP.5241,33.51237,-116.80035,1043.0,1,1,71049845.13997734
NP.5430,33.19814,-117.37824,25.0,1,1,113034608.2056674
PB.B081,33.711166,-116.714165,1467.0,788768802.2876034,788768802.2876034,788768802.2876034
PB.B082A,33.598183,-116.596008,1374.8,504206715.9751778,504206715.9751778,504206715.9751778
PB.B084,33.611568,-116.456367,1271.0,788768802.2876034,788768802.2876034,788768802.2876034
PB.B086A,33.557499,-116.530998,1392.0,504206715.9751778,504206715.9751778,504206715.9751778
PB.B087,33.495499,-116.602669,1139.0,788768802.2876034,788768802.2876034,788768802.2876034
PB.B088A,33.37495,-116.620522,1403.9,504206715.9751778,504206715.9751778,504206715.9751778
PB.B093,33.59369,-116.7641,1229.6,788768802.2876034,788768802.2876034,788768802.2876034
TA.TPFO,33.605999,-116.454399,1275.0,627732184.8862494,627732184.8862494,627732184.8862494
WR.PEC,33.891979,-117.161346,582.0,285256561.5260534,285256561.5260534,285256561.5260534
YN.BCCC,33.6469,-116.8107,849.0,502291542.33863556,502291542.33863556,502291542.33863556
YN.GVAR1,33.6663,-116.7066,1328.0,502291542.33863556,502291542.33863556,502291542.33863556
YN.JF00,33.423302,-116.402298,660.0,502256673.3842006,502256673.3842006,502256673.3842006
YN.JFN1,33.423599,-116.402,657.0,502256673.3842006,502256673.3842006,502256673.3842006
YN.JFN2,33.423698,-116.401802,659.0,502256673.3842006,502256673.3842006,502256673.3842006
YN.JFN3,33.423901,-116.401604,661.0,502256673.3842006,502256673.3842006,502256673.3842006
YN.JFN4,33.424599,-116.400902,667.0,502256673.3842006,502256673.3842006,502256673.3842006
YN.JFS1,33.423199,-116.402496,663.0,502256673.3842006,502256673.3842006,502256673.3842006
YN.JFS2,33.4231,-116.402603,660.0,502256673.3842006,502256673.3842006,502256673.3842006
YN.JFS3,33.422901,-116.402802,657.0,502256673.3842006,502256673.3842006,502256673.3842006
YN.JFS4,33.422298,-116.403801,659.0,502256673.3842006,502256673.3842006,502256673.3842006
YN.JORD,33.4722,-116.645,1235.0,502291542.33863556,502291542.33863556,502291542.33863556
YN.RHIL,33.6732,-116.7713,1557.0,502291542.33863556,502291542.33863556,502291542.33863556
YN.TFRD,33.4948,-116.6022,1000.0,502292966.4322833,502292966.4322833,502292966.4322833
YN.TR01,33.422901,-116.413498,774.0,502291542.33863556,502291542.33863556,502291542.33863556
YN.TR02,33.418301,-116.416801,770.0,502291542.33863556,502291542.33863556,502291542.33863556
YN.TR03,33.4095,-116.423302,739.0,502291542.33863556,502291542.33863556,502291542.33863556
YN.TR04,33.3988,-116.426003,774.0,502291542.33863556,502291542.33863556,502291542.33863556
ZY.MGD,33.18884,-116.76064,1300.0,248750442.6312023,248750442.6312023,248750442.6312023
